Command: C:\Users\Reisi\.espressif\python_env\idf5.5_py3.13_env\Scripts\python.exe C:\Users\Reisi\esp\v5.5.2\esp-idf\tools/idf_monitor.py -p COM4 -b 115200 --toolchain-prefix xtensa-esp32-elf- --target esp32 --revision 0 C:\Users\Reisi\Documents\DHBW\Studienarbeit\esp32-wroom-kws\mini-example-project\build\micro_speech.elf C:\Users\Reisi\Documents\DHBW\Studienarbeit\esp32-wroom-kws\mini-example-project\build\bootloader\bootloader.elf --force-color -m 'C:\Users\Reisi\.espressif\python_env\idf5.5_py3.13_env\Scripts\python.exe' 'C:\Users\Reisi\esp\v5.5.2\esp-idf\tools\idf.py'
ets Jul 29 2ï¿½ets Jul 29 2019 12:21:46

rst:0x1 (POWERON_RESET),boot:0x13 (SPI_FAST_FLASH_BOOT)
configsip: 0, SPIWP:0xee
clk_drv:0x00,q_drv:0x00,d_drv:0x00,cs0_drv:0x00,hd_drv:0x00,wp_drv:0x00
mode:DIO, clock div:2
load:0x3fff0030,len:6384
load:0x40078000,len:15916
load:0x40080400,len:3920
entry 0x40080644
[0;32mI (27) boot: ESP-IDF v5.5.2 2nd stage bootloader[0m
[0;32mI (27) boot: compile time Feb 12 2026 17:31:22[0m
[0;32mI (28) boot: Multicore bootloader[0m
[0;32mI (29) boot: chip revision: v3.1[0m
[0;32mI (32) boot.esp32: SPI Speed      : 40MHz[0m
[0;32mI (35) boot.esp32: SPI Mode       : DIO[0m
[0;32mI (39) boot.esp32: SPI Flash Size : 2MB[0m
[0;32mI (42) boot: Enabling RNG early entropy source...[0m
[0;32mI (47) boot: Partition Table:[0m
[0;32mI (49) boot: ## Label            Usage          Type ST Offset   Length[0m
[0;32mI (56) boot:  0 nvs              WiFi data        01 02 00009000 00006000[0m
[0;32mI (62) boot:  1 phy_init         RF data          01 01 0000f000 00001000[0m
[0;32mI (69) boot:  2 factory          factory app      00 00 00010000 00100000[0m
[0;32mI (75) boot: End of partition table[0m
[0;32mI (79) esp_image: segment 0: paddr=00010020 vaddr=3f400020 size=13ca8h ( 81064) map[0m
[0;32mI (114) esp_image: segment 1: paddr=00023cd0 vaddr=3ffb0000 size=02398h (  9112) load[0m
[0;32mI (118) esp_image: segment 2: paddr=00026070 vaddr=40080000 size=09fa8h ( 40872) load[0m
[0;32mI (134) esp_image: segment 3: paddr=00030020 vaddr=400d0020 size=25b18h (154392) map[0m
[0;32mI (187) esp_image: segment 4: paddr=00055b40 vaddr=40089fa8 size=02bb0h ( 11184) load[0m
[0;32mI (191) esp_image: segment 5: paddr=000586f8 vaddr=50000000 size=00020h (    32) load[0m
[0;32mI (198) boot: Loaded app from partition at offset 0x10000[0m
[0;32mI (198) boot: Disabling RNG early entropy source...[0m
[0;32mI (212) cpu_start: Multicore app[0m
[0;32mI (221) cpu_start: GPIO 3 and 1 are used as console UART I/O pins[0m
[0;32mI (221) cpu_start: Pro cpu start user code[0m
[0;32mI (221) cpu_start: cpu freq: 240000000 Hz[0m
[0;32mI (223) app_init: Application information:[0m
[0;32mI (226) app_init: Project name:     micro_speech[0m
[0;32mI (231) app_init: App version:      6f898fa-dirty[0m
[0;32mI (235) app_init: Compile time:     Feb 12 2026 17:57:28[0m
[0;32mI (240) app_init: ELF file SHA256:  6d78f3d6d...[0m
[0;32mI (245) app_init: ESP-IDF:          v5.5.2[0m
[0;32mI (248) efuse_init: Min chip rev:     v0.0[0m
[0;32mI (252) efuse_init: Max chip rev:     v3.99 [0m
[0;32mI (256) efuse_init: Chip rev:         v3.1[0m
[0;32mI (260) heap_init: Initializing. RAM available for dynamic allocation:[0m
[0;32mI (266) heap_init: At 3FFAE6E0 len 00001920 (6 KiB): DRAM[0m
[0;32mI (271) heap_init: At 3FFB2FE0 len 0002D020 (180 KiB): DRAM[0m
[0;32mI (277) heap_init: At 3FFE0440 len 00003AE0 (14 KiB): D/IRAM[0m
[0;32mI (282) heap_init: At 3FFE4350 len 0001BCB0 (111 KiB): D/IRAM[0m
[0;32mI (288) heap_init: At 4008CB58 len 000134A8 (77 KiB): IRAM[0m
[0;33mW (294) spi_flash: Detected boya flash chip but using generic driver. For optimal functionality, enable `SPI_FLASH_SUPPORT_BOYA_CHIP` in menuconfig[0m
[0;32mI (306) spi_flash: detected chip: generic[0m
[0;32mI (309) spi_flash: flash io: dio[0m
[0;33mW (312) spi_flash: Detected size(4096k) larger than the size in the binary image header(2048k). Using the size in the binary image header.[0m
[0;33mW (325) ADC: legacy driver is deprecated, please migrate to `esp_adc/adc_oneshot.h`[0m
[0;33mW (332) i2s(legacy): legacy i2s driver is deprecated, please migrate to use driver/i2s_std.h, driver/i2s_pdm.h or driver/i2s_tdm.h[0m
[0;32mI (344) main_task: Started on CPU0[0m
[0;32mI (354) main_task: Calling app_main()[0m
[0;32mI (354) kws_inmp441: boot heap: free_8bit=295408 largest_8bit_block=163840[0m
[0;32mI (354) kws_inmp441: Frontend buffers allocated (audio=32000B mel=8192B window=4096B bins=264B frame=4096B power=2052B).[0m
[0;32mI (364) kws_inmp441: Tensor arena candidate in internal RAM: 98304 bytes[0m
[0;32mI (374) kws_inmp441: AllocateTensors() OK with arena=98304 bytes[0m
[0;32mI (374) kws_inmp441: Ready. Capture=1000ms, SR=16000, mel=64x32[0m
[0;32mI (384) kws_inmp441: stack high-water mark: 1040 words[0m
[1;31mE (6354) task_wdt: Task watchdog got triggered. The following tasks/users did not reset the watchdog in time:[0m
[1;31mE (6354) task_wdt:  - IDLE0 (CPU 0)[0m
[1;31mE (6354) task_wdt: Tasks currently running:[0m
[1;31mE (6354) task_wdt: CPU 0: main[0m
[1;31mE (6354) task_wdt: CPU 1: IDLE1[0m
[1;31mE (6354) task_wdt: Print CPU 0 (current core) backtrace[0m


Backtrace: 0x400E8D2C:0x3FFB1150 0x40082991:0x3FFB1180 0x400ED97A:0x3FFB3C20 0x400ED799:0x3FFB3DB0 0x400ECBA6:0x3FFB3DF0 0x400D76EF:0x3FFB3E30 0x400F54F0:0x3FFB42F0

ï¿½ï¿½ï¿½ï¿½ï¿½ï¿½ï¿½ï¿½ï¿½ï¿½ï¿½ï¿½ï¿½ï¿½ï¿½ï¿½ï¿½ï¿½ï¿½ï¿½ï¿½ï¿½ï¿½ï¿½ï¿½ï¿½ï¿½ï¿½ï¿½ï¿½ï¿½ï¿½ï¿½ï¿½ï¿½ï¿½ï¿½ï¿½ï¿½ï¿½ï¿½ï¿½ï¿½ï¿½ï¿½ï¿½ï¿½ï¿½ï¿½ï¿½ï¿½ï¿½ï¿½ï¿½ï¿½ï¿½ï¿½ï¿½ï¿½ï¿½ï¿½ï¿½ï¿½ï¿½ (11354) task_wdt: Task watchdog got triggered. The following tasks/users did not reset the watchdog in time:
[1;31mE (11354) task_wdt:  - IDLE0 (CPU 0)[0m
[1;31mE (11354) task_wdt: Tasks currently running:[0m
[1;31mE (11354) task_wdt: CPU 0: main[0m
[1;31mE (11354) task_wdt: CPU 1: IDLE1[0m
[1;31mE (11354) task_wdt: Print CPU 0 (current core) backtrace[0m


Backtrace: 0x400E8D2C:0x3FFB1150 0x40082991:0x3FFB1180 0x400ED97A:0x3FFB3C20 0x400ED799:0x3FFB3DB0 0x400ECBA6:0x3FFB3DF0 0x400D76EF:0x3FFB3E30 0x400F54F0:0x3FFB42F0

