Command: C:\Users\Reisi\.espressif\python_env\idf5.5_py3.13_env\Scripts\python.exe C:\Users\Reisi\esp\v5.5.2\esp-idf\tools/idf_monitor.py -p COM4 -b 115200 --toolchain-prefix xtensa-esp32-elf- --target esp32 --revision 0 C:\Users\Reisi\Documents\DHBW\Studienarbeit\esp32-wroom-kws\mini-example-project\build\micro_speech.elf C:\Users\Reisi\Documents\DHBW\Studienarbeit\esp32-wroom-kws\mini-example-project\build\bootloader\bootloader.elf --force-color -m 'C:\Users\Reisi\.espressif\python_env\idf5.5_py3.13_env\Scripts\python.exe' 'C:\Users\Reisi\esp\v5.5.2\esp-idf\tools\idf.py'
ets Jul 29 2019 12:21:46ï¿½ets Jul 29 2019 12:21:46

rst:0x1 (POWERON_RESET),boot:0x13 (SPI_FAST_FLASH_BOOT)
configsip: 0, SPIWP:0xee
clk_drv:0x00,q_drv:0x00,d_drv:0x00,cs0_drv:0x00,hd_drv:0x00,wp_drv:0x00
mode:DIO, clock div:2
load:0x3fff0030,len:6384
load:0x40078000,len:15916
load:0x40080400,len:3920
entry 0x40080644
[0;32mI (27) boot: ESP-IDF v5.5.2 2nd stage bootloader[0m
[0;32mI (27) boot: compile time Feb 12 2026 17:31:22[0m
[0;32mI (28) boot: Multicore bootloader[0m
[0;32mI (29) boot: chip revision: v3.1[0m
[0;32mI (32) boot.esp32: SPI Speed      : 40MHz[0m
[0;32mI (35) boot.esp32: SPI Mode       : DIO[0m
[0;32mI (39) boot.esp32: SPI Flash Size : 2MB[0m
[0;32mI (42) boot: Enabling RNG early entropy source...[0m
[0;32mI (47) boot: Partition Table:[0m
[0;32mI (49) boot: ## Label            Usage          Type ST Offset   Length[0m
[0;32mI (56) boot:  0 nvs              WiFi data        01 02 00009000 00006000[0m
[0;32mI (62) boot:  1 phy_init         RF data          01 01 0000f000 00001000[0m
[0;32mI (69) boot:  2 factory          factory app      00 00 00010000 00100000[0m
[0;32mI (75) boot: End of partition table[0m
[0;32mI (79) esp_image: segment 0: paddr=00010020 vaddr=3f400020 size=13918h ( 80152) map[0m
[0;32mI (114) esp_image: segment 1: paddr=00023940 vaddr=3ffb0000 size=02398h (  9112) load[0m
[0;32mI (117) esp_image: segment 2: paddr=00025ce0 vaddr=40080000 size=0a338h ( 41784) load[0m
[0;32mI (134) esp_image: segment 3: paddr=00030020 vaddr=400d0020 size=23ac4h (146116) map[0m
[0;32mI (184) esp_image: segment 4: paddr=00053aec vaddr=4008a338 size=027e4h ( 10212) load[0m
[0;32mI (188) esp_image: segment 5: paddr=000562d8 vaddr=50000000 size=00020h (    32) load[0m
[0;32mI (195) boot: Loaded app from partition at offset 0x10000[0m
[0;32mI (195) boot: Disabling RNG early entropy source...[0m
[0;32mI (210) cpu_start: Multicore app[0m
[0;32mI (218) cpu_start: GPIO 3 and 1 are used as console UART I/O pins[0m
[0;32mI (218) cpu_start: Pro cpu start user code[0m
[0;32mI (218) cpu_start: cpu freq: 240000000 Hz[0m
[0;32mI (220) app_init: Application information:[0m
[0;32mI (224) app_init: Project name:     micro_speech[0m
[0;32mI (228) app_init: App version:      6f898fa-dirty[0m
[0;32mI (232) app_init: Compile time:     Feb 12 2026 17:57:28[0m
[0;32mI (238) app_init: ELF file SHA256:  e83d4c291...[0m
[0;32mI (242) app_init: ESP-IDF:          v5.5.2[0m
[0;32mI (246) efuse_init: Min chip rev:     v0.0[0m
[0;32mI (249) efuse_init: Max chip rev:     v3.99 [0m
[0;32mI (253) efuse_init: Chip rev:         v3.1[0m
[0;32mI (258) heap_init: Initializing. RAM available for dynamic allocation:[0m
[0;32mI (264) heap_init: At 3FFAE6E0 len 00001920 (6 KiB): DRAM[0m
[0;32mI (269) heap_init: At 3FFB2F88 len 0002D078 (180 KiB): DRAM[0m
[0;32mI (274) heap_init: At 3FFE0440 len 00003AE0 (14 KiB): D/IRAM[0m
[0;32mI (279) heap_init: At 3FFE4350 len 0001BCB0 (111 KiB): D/IRAM[0m
[0;32mI (285) heap_init: At 4008CB1C len 000134E4 (77 KiB): IRAM[0m
[0;33mW (291) spi_flash: Detected boya flash chip but using generic driver. For optimal functionality, enable `SPI_FLASH_SUPPORT_BOYA_CHIP` in menuconfig[0m
[0;32mI (303) spi_flash: detected chip: generic[0m
[0;32mI (307) spi_flash: flash io: dio[0m
[0;33mW (310) spi_flash: Detected size(4096k) larger than the size in the binary image header(2048k). Using the size in the binary image header.[0m
[0;33mW (322) ADC: legacy driver is deprecated, please migrate to `esp_adc/adc_oneshot.h`[0m
[0;33mW (329) i2s(legacy): legacy i2s driver is deprecated, please migrate to use driver/i2s_std.h, driver/i2s_pdm.h or driver/i2s_tdm.h[0m
[0;32mI (341) main_task: Started on CPU0[0m
[0;32mI (351) main_task: Calling app_main()[0m
[0;32mI (351) kws_inmp441: boot heap: free_8bit=295496 largest_8bit_block=163840[0m
[0;32mI (351) kws_inmp441: Frontend buffers allocated (audio=32000B mel=8192B window=4096B bins=264B).[0m
[0;32mI (361) kws_inmp441: Tensor arena candidate in internal RAM: 98304 bytes[0m
Didn't find op for builtin opcode 'MAX_POOL_2D'
Failed to get registration from op code MAX_POOL_2D
 
[0;33mW (371) kws_inmp441: AllocateTensors() failed with arena=98304 bytes[0m
Guru Meditation Error: Core  0 panic'ed (LoadProhibited). Exception was unhandled.

Core  0 register dump:
PC      : 0x400e0dcb  PS      : 0x00060d30  A0      : 0x800d7c61  A1      : 0x3ffb3dd0  
A2      : 0x3ffda28c  A3      : 0x0000000b  A4      : 0x00000000  A5      : 0x00000000  
A6      : 0x00000000  A7      : 0x00000000  A8      : 0x00000002  A9      : 0x3ffd9f3c  
A10     : 0xad71b5fb  A11     : 0x00000040  A12     : 0x0000002b  A13     : 0x00000000  
A14     : 0x00000007  A15     : 0x3ffb3c80  SAR     : 0x00000004  EXCCAUSE: 0x0000001c  
EXCVADDR: 0xad71b5ff  LBEG    : 0x400014fd  LEND    : 0x4000150d  LCOUNT  : 0xfffffffc  


Backtrace: 0x400e0dc8:0x3ffb3dd0 0x400d7c5e:0x3ffb3e00 0x400d75ad:0x3ffb3e20 0x400f349c:0x3ffb42a0




ELF file SHA256: e83d4c291

Rebooting...
ets Jul 29 2019 12:21:46

rst:0xc (SW_CPU_RESET),boot:0x13 (SPI_FAST_FLASH_BOOT)
configsip: 0, SPIWP:0xee
clk_drv:0x00,q_drv:0x00,d_drv:0x00,cs0_drv:0x00,hd_drv:0x00,wp_drv:0x00
mode:DIO, clock div:2
load:0x3fff0030,len:6384
load:0x40078000,len:15916
load:0x40080400,len:3920
entry 0x40080644
[0;32mI (27) boot: ESP-IDF v5.5.2 2nd stage bootloader[0m
[0;32mI (27) boot: compile time Feb 12 2026 17:31:22[0m
[0;32mI (27) boot: Multicore bootloader[0m
[0;32mI (29) boot: chip revision: v3.1[0m
[0;32mI (31) boot.esp32: SPI Speed      : 40MHz[0m
[0;32mI (35) boot.esp32: SPI Mode       : DIO[0m
[0;32mI (39) boot.esp32: SPI Flash Size : 2MB[0m
[0;32mI (42) boot: Enabling RNG early entropy source...[0m
[0;32mI (47) boot: Partition Table:[0m
[0;32mI (49) boot: ## Label            Usage          Type ST Offset   Length[0m
[0;32mI (56) boot:  0 nvs              WiFi data        01 02 00009000 00006000[0m
[0;32mI (62) boot:  1 phy_init         RF data          01 01 0000f000 00001000[0m
[0;32mI (69) boot:  2 factory          factory app      00 00 00010000 00100000[0m
[0;32mI (75) boot: End of partition table[0m
[0;32mI (79) esp_image: segment 0: paddr=00010020 vaddr=3f400020 size=13918h ( 80152) map[0m
[0;32mI (113) esp_image: segment 1: paddr=00023940 vaddr=3ffb0000 size=02398h (  9112) load[0m
[0;32mI (117) esp_image: segment 2: paddr=00025ce0 vaddr=40080000 size=0a338h ( 41784) load[0m
[0;32mI (134) esp_image: segment 3: paddr=00030020 vaddr=400d0020 size=23ac4h (146116) map[0m
[0;32mI (184) esp_image: segment 4: paddr=00053aec vaddr=4008a338 size=027e4h ( 10212) load[0m
[0;32mI (188) esp_image: segment 5: paddr=000562d8 vaddr=50000000 size=00020h (    32) load[0m
[0;32mI (195) boot: Loaded app from partition at offset 0x10000[0m
[0;32mI (195) boot: Disabling RNG early entropy source...[0m
[0;32mI (209) cpu_start: Multicore app[0m
[0;32mI (218) cpu_start: GPIO 3 and 1 are used as console UART I/O pins[0m
[0;32mI (218) cpu_start: Pro cpu start user code[0m
[0;32mI (218) cpu_start: cpu freq: 240000000 Hz[0m
[0;32mI (220) app_init: Application information:[0m
[0;32mI (224) app_init: Project name:     micro_speech[0m
[0;32mI (228) app_init: App version:      6f898fa-dirty[0m
[0;32mI (232) app_init: Compile time:     Feb 12 2026 17:57:28[0m
[0;32mI (237) app_init: ELF file SHA256:  e83d4c291...[0m
[0;32mI (242) app_init: ESP-IDF:          v5.5.2[0m
[0;32mI (246) efuse_init: Min chip rev:     v0.0[0m
[0;32mI (249) efuse_init: Max chip rev:     v3.99 [0m
[0;32mI (253) efuse_init: Chip rev:         v3.1[0m
[0;32mI (257) heap_init: Initializing. RAM available for dynamic allocation:[0m
[0;32mI (264) heap_init: At 3FFAE6E0 len 00001920 (6 KiB): DRAM[0m
[0;32mI (269) heap_init: At 3FFB2F88 len 0002D078 (180 KiB): DRAM[0m
[0;32mI (274) heap_init: At 3FFE0440 len 00003AE0 (14 KiB): D/IRAM[0m
[0;32mI (279) heap_init: At 3FFE4350 len 0001BCB0 (111 KiB): D/IRAM[0m
[0;32mI (285) heap_init: At 4008CB1C len 000134E4 (77 KiB): IRAM[0m
[0;33mW (291) spi_flash: Detected boya flash chip but using generic driver. For optimal functionality, enable `SPI_FLASH_SUPPORT_BOYA_CHIP` in menuconfig[0m
[0;32mI (303) spi_flash: detected chip: generic[0m
[0;32mI (307) spi_flash: flash io: dio[0m
[0;33mW (310) spi_flash: Detected size(4096k) larger than the size in the binary image header(2048k). Using the size in the binary image header.[0m
[0;33mW (322) ADC: legacy driver is deprecated, please migrate to `esp_adc/adc_oneshot.h`[0m
[0;33mW (329) i2s(legacy): legacy i2s driver is deprecated, please migrate to use driver/i2s_std.h, driver/i2s_pdm.h or driver/i2s_tdm.h[0m
[0;32mI (341) main_task: Started on CPU0[0m
[0;32mI (351) main_task: Calling app_main()[0m
[0;32mI (351) kws_inmp441: boot heap: free_8bit=295496 largest_8bit_block=163840[0m
[0;32mI (351) kws_inmp441: Frontend buffers allocated (audio=32000B mel=8192B window=4096B bins=264B).[0m
[0;32mI (361) kws_inmp441: Tensor arena candidate in internal RAM: 98304 bytes[0m
Didn't find op for builtin opcode 'MAX_POOL_2D'
Failed to get registration from op code MAX_POOL_2D
 
[0;33mW (371) kws_inmp441: AllocateTensors() failed with arena=98304 bytes[0m
Guru Meditation Error: Core  0 panic'ed (LoadProhibited). Exception was unhandled.

Core  0 register dump:
PC      : 0x400e0dcb  PS      : 0x00060d30  A0      : 0x800d7c61  A1      : 0x3ffb3dd0  
A2      : 0x3ffda28c  A3      : 0x0000000b  A4      : 0x00000000  A5      : 0x00000000  
A6      : 0x00000000  A7      : 0x00000000  A8      : 0x00000002  A9      : 0x3ffd9f3c  
A10     : 0xad71b5fb  A11     : 0x00000040  A12     : 0x0000002b  A13     : 0x00000000  
A14     : 0x00000007  A15     : 0x3ffb3c80  SAR     : 0x00000004  EXCCAUSE: 0x0000001c  
EXCVADDR: 0xad71b5ff  LBEG    : 0x400014fd  LEND    : 0x4000150d  LCOUNT  : 0xfffffffc  


Backtrace: 0x400e0dc8:0x3ffb3dd0 0x400d7c5e:0x3ffb3e00 0x400d75ad:0x3ffb3e20 0x400f349c:0x3ffb42a0




ELF file SHA256: e83d4c291

Rebooting...
ets Jul 29 2019 12:21:46

rst:0xc (SW_CPU_RESET),boot:0x13 (SPI_FAST_FLASH_BOOT)
configsip: 0, SPIWP:0xee
clk_drv:0x00,q_drv:0x00,d_drv:0x00,cs0_drv:0x00,hd_drv:0x00,wp_drv:0x00
mode:DIO, clock div:2
load:0x3fff0030,len:6384
load:0x40078000,len:15916
load:0x40080400,len:3920
entry 0x40080644
[0;32mI (27) boot: ESP-IDF v5.5.2 2nd stage bootloader[0m
[0;32mI (27) boot: compile time Feb 12 2026 17:31:22[0m
[0;32mI (27) boot: Multicore bootloader[0m
[0;32mI (29) boot: chip revision: v3.1[0m
[0;32mI (31) boot.esp32: SPI Speed      : 40MHz[0m
[0;32mI (35) boot.esp32: SPI Mode       : DIO[0m
[0;32mI (39) boot.esp32: SPI Flash Size : 2MB[0m
[0;32mI (42) boot: Enabling RNG early entropy source...[0m
[0;32mI (47) boot: Partition Table:[0m
[0;32mI (49) boot: ## Label            Usage          Type ST Offset   Length[0m
[0;32mI (56) boot:  0 nvs              WiFi data        01 02 00009000 00006000[0m
[0;32mI (62) boot:  1 phy_init         RF data          01 01 0000f000 00001000[0m
[0;32mI (69) boot:  2 factory          factory app      00 00 00010000 00100000[0m
[0;32mI (75) boot: End of partition table[0m
[0;32mI (79) esp_image: segment 0: paddr=00010020 vaddr=3f400020 size=13918h ( 80152) map[0m
[0;32mI (113) esp_image: segment 1: paddr=00023940 vaddr=3ffb0000 size=02398h (  9112) load[0m
[0;32mI (117) esp_image: segment 2: paddr=00025ce0 vaddr=40080000 size=0a338h ( 41784) load[0m
[0;32mI (134) esp_image: segment 3: paddr=00030020 vaddr=400d0020 size=23ac4h (146116) map[0m
[0;32mI (184) esp_image: segment 4: paddr=00053aec vaddr=4008a338 size=027e4h ( 10212) load[0m
[0;32mI (188) esp_image: segment 5: paddr=000562d8 vaddr=50000000 size=00020h (    32) load[0m
[0;32mI (195) boot: Loaded app from partition at offset 0x10000[0m
[0;32mI (195) boot: Disabling RNG early entropy source...[0m
[0;32mI (209) cpu_start: Multicore app[0m
[0;32mI (218) cpu_start: GPIO 3 and 1 are used as console UART I/O pins[0m
[0;32mI (218) cpu_start: Pro cpu start user code[0m
[0;32mI (218) cpu_start: cpu freq: 240000000 Hz[0m
[0;32mI (220) app_init: Application information:[0m
[0;32mI (224) app_init: Project name:     micro_speech[0m
[0;32mI (228) app_init: App version:      6f898fa-dirty[0m
[0;32mI (232) app_init: Compile time:     Feb 12 2026 17:57:28[0m
[0;32mI (237) app_init: ELF file SHA256:  e83d4c291...[0m
[0;32mI (242) app_init: ESP-IDF:          v5.5.2[0m
[0;32mI (246) efuse_init: Min chip rev:     v0.0[0m
[0;32mI (249) efuse_init: Max chip rev:     v3.99 [0m
[0;32mI (253) efuse_init: Chip rev:         v3.1[0m
[0;32mI (257) heap_init: Initializing. RAM available for dynamic allocation:[0m
[0;32mI (264) heap_init: At 3FFAE6E0 len 00001920 (6 KiB): DRAM[0m
[0;32mI (269) heap_init: At 3FFB2F88 len 0002D078 (180 KiB): DRAM[0m
[0;32mI (274) heap_init: At 3FFE0440 len 00003AE0 (14 KiB): D/IRAM[0m
[0;32mI (279) heap_init: At 3FFE4350 len 0001BCB0 (111 KiB): D/IRAM[0m
[0;32mI (285) heap_init: At 4008CB1C len 000134E4 (77 KiB): IRAM[0m
[0;33mW (291) spi_flash: Detected boya flash chip but using generic driver. For optimal functionality, enable `SPI_FLASH_SUPPORT_BOYA_CHIP` in menuconfig[0m
[0;32mI (303) spi_flash: detected chip: generic[0m
[0;32mI (307) spi_flash: flash io: dio[0m
[0;33mW (310) spi_flash: Detected size(4096k) larger than the size in the binary image header(2048k). Using the size in the binary image header.[0m
[0;33mW (322) ADC: legacy driver is deprecated, please migrate to `esp_adc/adc_oneshot.h`[0m
[0;33mW (329) i2s(legacy): legacy i2s driver is deprecated, please migrate to use driver/i2s_std.h, driver/i2s_pdm.h or driver/i2s_tdm.h[0m
[0;32mI (341) main_task: Started on CPU0[0m
[0;32mI (351) main_task: Calling app_main()[0m
[0;32mI (351) kws_inmp441: boot heap: free_8bit=295496 largest_8bit_block=163840[0m
[0;32mI (351) kws_inmp441: Frontend buffers allocated (audio=32000B mel=8192B window=4096B bins=264B).[0m
[0;32mI (361) kws_inmp441: Tensor arena candidate in internal RAM: 98304 bytes[0m
Didn't find op for builtin opcode 'MAX_POOL_2D'
Failed to get registration from op code MAX_POOL_2D
 
[0;33mW (371) kws_inmp441: AllocateTensors() failed with arena=98304 bytes[0m
Guru Meditation Error: Core  0 panic'ed (LoadProhibited). Exception was unhandled.

Core  0 register dump:
PC      : 0x400e0dcb  PS      : 0x00060d30  A0      : 0x800d7c61  A1      : 0x3ffb3dd0  
A2      : 0x3ffda28c  A3      : 0x0000000b  A4      : 0x00000000  A5      : 0x00000000  
A6      : 0x00000000  A7      : 0x00000000  A8      : 0x00000002  A9      : 0x3ffd9f3c  
A10     : 0xad71b5fb  A11     : 0x00000040  A12     : 0x0000002b  A13     : 0x00000000  
A14     : 0x00000007  A15     : 0x3ffb3c80  SAR     : 0x00000004  EXCCAUSE: 0x0000001c  
EXCVADDR: 0xad71b5ff  LBEG    : 0x400014fd  LEND    : 0x4000150d  LCOUNT  : 0xfffffffc  


Backtrace: 0x400e0dc8:0x3ffb3dd0 0x400d7c5e:0x3ffb3e00 0x400d75ad:0x3ffb3e20 0x400f349c:0x3ffb42a0




ELF file SHA256: e83d4c291

Rebooting...
ets Jul 29 2019 12:21:46

rst:0xc (SW_CPU_RESET),boot:0x13 (SPI_FAST_FLASH_BOOT)
configsip: 0, SPIWP:0xee
clk_drv:0x00,q_drv:0x00,d_drv:0x00,cs0_drv:0x00,hd_drv:0x00,wp_drv:0x00
mode:DIO, clock div:2
load:0x3fff0030,len:6384
load:0x40078000,len:15916
load:0x40080400,len:3920
entry 0x40080644
[0;32mI (27) boot: ESP-IDF v5.5.2 2nd stage bootloader[0m
[0;32mI (27) boot: compile time Feb 12 2026 17:31:22[0m
[0;32mI (27) boot: Multicore bootloader[0m
[0;32mI (29) boot: chip revision: v3.1[0m
[0;32mI (31) boot.esp32: SPI Speed      : 40MHz[0m
[0;32mI (35) boot.esp32: SPI Mode       : DIO[0m
[0;32mI (39) boot.esp32: SPI Flash Size : 2MB[0m
[0;32mI (42) boot: Enabling RNG early entropy source...[0m
[0;32mI (47) boot: Partition Table:[0m
[0;32mI (49) boot: ## Label            Usage          Type ST Offset   Length[0m
[0;32mI (56) boot:  0 nvs              WiFi data        01 02 00009000 00006000[0m
[0;32mI (62) boot:  1 phy_init         RF data          01 01 0000f000 00001000[0m
[0;32mI (69) boot:  2 factory          factory app      00 00 00010000 00100000[0m
[0;32mI (75) boot: End of partition table[0m
[0;32mI (79) esp_image: segment 0: paddr=00010020 vaddr=3f400020 size=13918h ( 80152) map[0m
[0;32mI (113) esp_image: segment 1: paddr=00023940 vaddr=3ffb0000 size=02398h (  9112) load[0m
[0;32mI (117) esp_image: segment 2: paddr=00025ce0 vaddr=40080000 size=0a338h ( 41784) load[0m
[0;32mI (134) esp_image: segment 3: paddr=00030020 vaddr=400d0020 size=23ac4h (146116) map[0m
[0;32mI (184) esp_image: segment 4: paddr=00053aec vaddr=4008a338 size=027e4h ( 10212) load[0m
[0;32mI (188) esp_image: segment 5: paddr=000562d8 vaddr=50000000 size=00020h (    32) load[0m
[0;32mI (195) boot: Loaded app from partition at offset 0x10000[0m
[0;32mI (195) boot: Disabling RNG early entropy source...[0m
[0;32mI (209) cpu_start: Multicore app[0m
[0;32mI (218) cpu_start: GPIO 3 and 1 are used as console UART I/O pins[0m
[0;32mI (218) cpu_start: Pro cpu start user code[0m
[0;32mI (218) cpu_start: cpu freq: 240000000 Hz[0m
[0;32mI (220) app_init: Application information:[0m
[0;32mI (224) app_init: Project name:     micro_speech[0m
[0;32mI (228) app_init: App version:      6f898fa-dirty[0m
[0;32mI (232) app_init: Compile time:     Feb 12 2026 17:57:28[0m
[0;32mI (237) app_init: ELF file SHA256:  e83d4c291...[0m
[0;32mI (242) app_init: ESP-IDF:          v5.5.2[0m
[0;32mI (246) efuse_init: Min chip rev:     v0.0[0m
[0;32mI (249) efuse_init: Max chip rev:     v3.99 [0m
[0;32mI (253) efuse_init: Chip rev:         v3.1[0m
[0;32mI (257) heap_init: Initializing. RAM available for dynamic allocation:[0m
[0;32mI (264) heap_init: At 3FFAE6E0 len 00001920 (6 KiB): DRAM[0m
[0;32mI (269) heap_init: At 3FFB2F88 len 0002D078 (180 KiB): DRAM[0m
[0;32mI (274) heap_init: At 3FFE0440 len 00003AE0 (14 KiB): D/IRAM[0m
[0;32mI (279) heap_init: At 3FFE4350 len 0001BCB0 (111 KiB): D/IRAM[0m
[0;32mI (285) heap_init: At 4008CB1C len 000134E4 (77 KiB): IRAM[0m
[0;33mW (291) spi_flash: Detected boya flash chip but using generic driver. For optimal functionality, enable `SPI_FLASH_SUPPORT_BOYA_CHIP` in menuconfig[0m
[0;32mI (303) spi_flash: detected chip: generic[0m
[0;32mI (307) spi_flash: flash io: dio[0m
[0;33mW (310) spi_flash: Detected size(4096k) larger than the size in the binary image header(2048k). Using the size in the binary image header.[0m
[0;33mW (322) ADC: legacy driver is deprecated, please migrate to `esp_adc/adc_oneshot.h`[0m
[0;33mW (329) i2s(legacy): legacy i2s driver is deprecated, please migrate to use driver/i2s_std.h, driver/i2s_pdm.h or driver/i2s_tdm.h[0m
[0;32mI (341) main_task: Started on CPU0[0m
[0;32mI (351) main_task: Calling app_main()[0m
[0;32mI (351) kws_inmp441: boot heap: free_8bit=295496 largest_8bit_block=163840[0m
[0;32mI (351) kws_inmp441: Frontend buffers allocated (audio=32000B mel=8192B window=4096B bins=264B).[0m
[0;32mI (361) kws_inmp441: Tensor arena candidate in internal RAM: 98304 bytes[0m
Didn't find op for builtin opcode 'MAX_POOL_2D'
Failed to get registration from op code MAX_POOL_2D
 
[0;33mW (371) kws_inmp441: AllocateTensors() failed with arena=98304 bytes[0m
Guru Meditation Error: Core  0 panic'ed (LoadProhibited). Exception was unhandled.

Core  0 register dump:
PC      : 0x400e0dcb  PS      : 0x00060d30  A0      : 0x800d7c61  A1      : 0x3ffb3dd0  
A2      : 0x3ffda28c  A3      : 0x0000000b  A4      : 0x00000000  A5      : 0x00000000  
A6      : 0x00000000  A7      : 0x00000000  A8      : 0x00000002  A9      : 0x3ffd9f3c  
A10     : 0xad71b5fb  A11     : 0x00000040  A12     : 0x0000002b  A13     : 0x00000000  
A14     : 0x00000007  A15     : 0x3ffb3c80  SAR     : 0x00000004  EXCCAUSE: 0x0000001c  
EXCVADDR: 0xad71b5ff  LBEG    : 0x400014fd  LEND    : 0x4000150d  LCOUNT  : 0xfffffffc  


Backtrace: 0x400e0dc8:0x3ffb3dd0 0x400d7c5e:0x3ffb3e00 0x400d75ad:0x3ffb3e20 0x400f349c:0x3ffb42a0




ELF file SHA256: e83d4c291

Rebooting...
ets Jul 29 2019 12:21:46

rst:0xc (SW_CPU_RESET),boot:0x13 (SPI_FAST_FLASH_BOOT)
configsip: 0, SPIWP:0xee
clk_drv:0x00,q_drv:0x00,d_drv:0x00,cs0_drv:0x00,hd_drv:0x00,wp_drv:0x00
mode:DIO, clock div:2
load:0x3fff0030,len:6384
load:0x40078000,len:15916
load:0x40080400,len:3920
entry 0x40080644
[0;32mI (27) boot: ESP-IDF v5.5.2 2nd stage bootloader[0m
[0;32mI (27) boot: compile time Feb 12 2026 17:31:22[0m
[0;32mI (27) boot: Multicore bootloader[0m
[0;32mI (29) boot: chip revision: v3.1[0m
[0;32mI (31) boot.esp32: SPI Speed      : 40MHz[0m
[0;32mI (35) boot.esp32: SPI Mode       : DIO[0m
[0;32mI (39) boot.esp32: SPI Flash Size : 2MB[0m
[0;32mI (42) boot: Enabling RNG early entropy source...[0m
[0;32mI (47) boot: Partition Table:[0m
[0;32mI (49) boot: ## Label            Usage          Type ST Offset   Length[0m
[0;32mI (56) boot:  0 nvs              WiFi data        01 02 00009000 00006000[0m
[0;32mI (62) boot:  1 phy_init         RF data          01 01 0000f000 00001000[0m
[0;32mI (69) boot:  2 factory          factory app      00 00 00010000 00100000[0m
[0;32mI (75) boot: End of partition table[0m
[0;32mI (79) esp_image: segment 0: paddr=00010020 vaddr=3f400020 size=13918h ( 80152) map[0m
[0;32mI (113) esp_image: segment 1: paddr=00023940 vaddr=3ffb0000 size=02398h (  9112) load[0m
[0;32mI (117) esp_image: segment 2: paddr=00025ce0 vaddr=40080000 size=0a338h ( 41784) load[0m
[0;32mI (134) esp_image: segment 3: paddr=00030020 vaddr=400d0020 size=23ac4h (146116) map[0m
[0;32mI (184) esp_image: segment 4: paddr=00053aec vaddr=4008a338 size=027e4h ( 10212) load[0m
[0;32mI (188) esp_image: segment 5: paddr=000562d8 vaddr=50000000 size=00020h (    32) load[0m
[0;32mI (195) boot: Loaded app from partition at offset 0x10000[0m
[0;32mI (195) boot: Disabling RNG early entropy source...[0m
[0;32mI (209) cpu_start: Multicore app[0m
[0;32mI (218) cpu_start: GPIO 3 and 1 are used as console UART I/O pins[0m
[0;32mI (218) cpu_start: Pro cpu start user code[0m
[0;32mI (218) cpu_start: cpu freq: 240000000 Hz[0m
[0;32mI (220) app_init: Application information:[0m
[0;32mI (224) app_init: Project name:     micro_speech[0m
[0;32mI (228) app_init: App version:      6f898fa-dirty[0m
[0;32mI (232) app_init: Compile time:     Feb 12 2026 17:57:28[0m
[0;32mI (237) app_init: ELF file SHA256:  e83d4c291...[0m
[0;32mI (242) app_init: ESP-IDF:          v5.5.2[0m
[0;32mI (246) efuse_init: Min chip rev:     v0.0[0m
[0;32mI (249) efuse_init: Max chip rev:     v3.99 [0m
[0;32mI (253) efuse_init: Chip rev:         v3.1[0m
[0;32mI (257) heap_init: Initializing. RAM available for dynamic allocation:[0m
[0;32mI (264) heap_init: At 3FFAE6E0 len 00001920 (6 KiB): DRAM[0m
[0;32mI (269) heap_init: At 3FFB2F88 len 0002D078 (180 KiB): DRAM[0m
[0;32mI (274) heap_init: At 3FFE0440 len 00003AE0 (14 KiB): D/IRAM[0m
[0;32mI (279) heap_init: At 3FFE4350 len 0001BCB0 (111 KiB): D/IRAM[0m
[0;32mI (285) heap_init: At 4008CB1C len 000134E4 (77 KiB): IRAM[0m
[0;33mW (291) spi_flash: Detected boya flash chip but using generic driver. For optimal functionality, enable `SPI_FLASH_SUPPORT_BOYA_CHIP` in menuconfig[0m
[0;32mI (303) spi_flash: detected chip: generic[0m
[0;32mI (307) spi_flash: flash io: dio[0m
[0;33mW (310) spi_flash: Detected size(4096k) larger than the size in the binary image header(2048k). Using the size in the binary image header.[0m
[0;33mW (322) ADC: legacy driver is deprecated, please migrate to `esp_adc/adc_oneshot.h`[0m
[0;33mW (329) i2s(legacy): legacy i2s driver is deprecated, please migrate to use driver/i2s_std.h, driver/i2s_pdm.h or driver/i2s_tdm.h[0m
[0;32mI (341) main_task: Started on CPU0[0m
[0;32mI (351) main_task: Calling app_main()[0m
[0;32mI (351) kws_inmp441: boot heap: free_8bit=295496 largest_8bit_block=163840[0m
[0;32mI (351) kws_inmp441: Frontend buffers allocated (audio=32000B mel=8192B window=4096B bins=264B).[0m
[0;32mI (361) kws_inmp441: Tensor arena candidate in internal RAM: 98304 bytes[0m
Didn't find op for builtin opcode 'MAX_POOL_2D'
Failed to get registration from op code MAX_POOL_2D
 
[0;33mW (371) kws_inmp441: AllocateTensors() failed with arena=98304 bytes[0m
Guru Meditation Error: Core  0 panic'ed (LoadProhibited). Exception was unhandled.

Core  0 register dump:
PC      : 0x400e0dcb  PS      : 0x00060d30  A0      : 0x800d7c61  A1      : 0x3ffb3dd0  
A2      : 0x3ffda28c  A3      : 0x0000000b  A4      : 0x00000000  A5      : 0x00000000  
A6      : 0x00000000  A7      : 0x00000000  A8      : 0x00000002  A9      : 0x3ffd9f3c  
A10     : 0xad71b5fb  A11     : 0x00000040  A12     : 0x0000002b  A13     : 0x00000000  
A14     : 0x00000007  A15     : 0x3ffb3c80  SAR     : 0x00000004  EXCCAUSE: 0x0000001c  
EXCVADDR: 0xad71b5ff  LBEG    : 0x400014fd  LEND    : 0x4000150d  LCOUNT  : 0xfffffffc  


Backtrace: 0x400e0dc8:0x3ffb3dd0 0x400d7c5e:0x3ffb3e00 0x400d75ad:0x3ffb3e20 0x400f349c:0x3ffb42a0




ELF file SHA256: e83d4c291

Rebooting...
ets Jul 29 2019 12:21:46

rst:0xc (SW_CPU_RESET),boot:0x13 (SPI_FAST_FLASH_BOOT)
configsip: 0, SPIWP:0xee
clk_drv:0x00,q_drv:0x00,d_drv:0x00,cs0_drv:0x00,hd_drv:0x00,wp_drv:0x00
mode:DIO, clock div:2
load:0x3fff0030,len:6384
load:0x40078000,len:15916
load:0x40080400,len:3920
entry 0x40080644
[0;32mI (27) boot: ESP-IDF v5.5.2 2nd stage bootloader[0m
[0;32mI (27) boot: compile time Feb 12 2026 17:31:22[0m
[0;32mI (27) boot: Multicore bootloader[0m
[0;32mI (29) boot: chip revision: v3.1[0m
[0;32mI (31) boot.esp32: SPI Speed      : 40MHz[0m
[0;32mI (35) boot.esp32: SPI Mode       : DIO[0m
[0;32mI (39) boot.esp32: SPI Flash Size : 2MB[0m
[0;32mI (42) boot: Enabling RNG early entropy source...[0m
[0;32mI (47) boot: Partition Table:[0m
[0;32mI (49) boot: ## Label            Usage          Type ST Offset   Length[0m
[0;32mI (56) boot:  0 nvs              WiFi data        01 02 00009000 00006000[0m
[0;32mI (62) boot:  1 phy_init         RF data          01 01 0000f000 00001000[0m
[0;32mI (69) boot:  2 factory          factory app      00 00 00010000 00100000[0m
[0;32mI (75) boot: End of partition table[0m
[0;32mI (79) esp_image: segment 0: paddr=00010020 vaddr=3f400020 size=13918h ( 80152) map[0m
[0;32mI (113) esp_image: segment 1: paddr=00023940 vaddr=3ffb0000 size=02398h (  9112) load[0m
[0;32mI (117) esp_image: segment 2: paddr=00025ce0 vaddr=40080000 size=0a338h ( 41784) load[0m
[0;32mI (134) esp_image: segment 3: paddr=00030020 vaddr=400d0020 size=23ac4h (146116) map[0m
[0;32mI (184) esp_image: segment 4: paddr=00053aec vaddr=4008a338 size=027e4h ( 10212) load[0m
[0;32mI (188) esp_image: segment 5: paddr=000562d8 vaddr=50000000 size=00020h (    32) load[0m
[0;32mI (195) boot: Loaded app from partition at offset 0x10000[0m
[0;32mI (195) boot: Disabling RNG early entropy source...[0m
[0;32mI (209) cpu_start: Multicore app[0m
[0;32mI (218) cpu_start: GPIO 3 and 1 are used as console UART I/O pins[0m
[0;32mI (218) cpu_start: Pro cpu start user code[0m
[0;32mI (218) cpu_start: cpu freq: 240000000 Hz[0m
[0;32mI (220) app_init: Application information:[0m
[0;32mI (224) app_init: Project name:     micro_speech[0m
[0;32mI (228) app_init: App version:      6f898fa-dirty[0m
[0;32mI (232) app_init: Compile time:     Feb 12 2026 17:57:28[0m
[0;32mI (237) app_init: ELF file SHA256:  e83d4c291...[0m
[0;32mI (242) app_init: ESP-IDF:          v5.5.2[0m
[0;32mI (246) efuse_init: Min chip rev:     v0.0[0m
[0;32mI (249) efuse_init: Max chip rev:     v3.99 [0m
[0;32mI (253) efuse_init: Chip rev:         v3.1[0m
[0;32mI (257) heap_init: Initializing. RAM available for dynamic allocation:[0m
[0;32mI (264) heap_init: At 3FFAE6E0 len 00001920 (6 KiB): DRAM[0m
[0;32mI (269) heap_init: At 3FFB2F88 len 0002D078 (180 KiB): DRAM[0m
[0;32mI (274) heap_init: At 3FFE0440 len 00003AE0 (14 KiB): D/IRAM[0m
[0;32mI (279) heap_init: At 3FFE4350 len 0001BCB0 (111 KiB): D/IRAM[0m
[0;32mI (285) heap_init: At 4008CB1C len 000134E4 (77 KiB): IRAM[0m
[0;33mW (291) spi_flash: Detected boya flash chip but using generic driver. For optimal functionality, enable `SPI_FLASH_SUPPORT_BOYA_CHIP` in menuconfig[0m
[0;32mI (303) spi_flash: detected chip: generic[0m
[0;32mI (307) spi_flash: flash io: dio[0m
[0;33mW (310) spi_flash: Detected size(4096k) larger than the size in the binary image header(2048k). Using the size in the binary image header.[0m
[0;33mW (322) ADC: legacy driver is deprecated, please migrate to `esp_adc/adc_oneshot.h`[0m
[0;33mW (329) i2s(legacy): legacy i2s driver is deprecated, please migrate to use driver/i2s_std.h, driver/i2s_pdm.h or driver/i2s_tdm.h[0m
[0;32mI (341) main_task: Started on CPU0[0m
[0;32mI (351) main_task: Calling app_main()[0m
[0;32mI (351) kws_inmp441: boot heap: free_8bit=295496 largest_8bit_block=163840[0m
[0;32mI (351) kws_inmp441: Frontend buffers allocated (audio=32000B mel=8192B window=4096B bins=264B).[0m
[0;32mI (361) kws_inmp441: Tensor arena candidate in internal RAM: 98304 bytes[0m
Didn't find op for builtin opcode 'MAX_POOL_2D'
Failed to get registration from op code MAX_POOL_2D
 
[0;33mW (371) kws_inmp441: AllocateTensors() failed with arena=98304 bytes[0m
Guru Meditation Error: Core  0 panic'ed (LoadProhibited). Exception was unhandled.

Core  0 register dump:
PC      : 0x400e0dcb  PS      : 0x00060d30  A0      : 0x800d7c61  A1      : 0x3ffb3dd0  
A2      : 0x3ffda28c  A3      : 0x0000000b  A4      : 0x00000000  A5      : 0x00000000  
A6      : 0x00000000  A7      : 0x00000000  A8      : 0x00000002  A9      : 0x3ffd9f3c  
A10     : 0xad71b5fb  A11     : 0x00000040  A12     : 0x0000002b  A13     : 0x00000000  
A14     : 0x00000007  A15     : 0x3ffb3c80  SAR     : 0x00000004  EXCCAUSE: 0x0000001c  
EXCVADDR: 0xad71b5ff  LBEG    : 0x400014fd  LEND    : 0x4000150d  LCOUNT  : 0xfffffffc  


Backtrace: 0x400e0dc8:0x3ffb3dd0 0x400d7c5e:0x3ffb3e00 0x400d75ad:0x3ffb3e20 0x400f349c:0x3ffb42a0




ELF file SHA256: e83d4c291

Rebooting...
ets Jul 29 2019 12:21:46

rst:0xc (SW_CPU_RESET),boot:0x13 (SPI_FAST_FLASH_BOOT)
configsip: 0, SPIWP:0xee
clk_drv:0x00,q_drv:0x00,d_drv:0x00,cs0_drv:0x00,hd_drv:0x00,wp_drv:0x00
mode:DIO, clock div:2
load:0x3fff0030,len:6384
load:0x40078000,len:15916
load:0x40080400,len:3920
entry 0x40080644
[0;32mI (27) boot: ESP-IDF v5.5.2 2nd stage bootloader[0m
[0;32mI (27) boot: compile time Feb 12 2026 17:31:22[0m
[0;32mI (27) boot: Multicore bootloader[0m
[0;32mI (29) boot: chip revision: v3.1[0m
[0;32mI (31) boot.esp32: SPI Speed      : 40MHz[0m
[0;32mI (35) boot.esp32: SPI Mode       : DIO[0m
[0;32mI (39) boot.esp32: SPI Flash Size : 2MB[0m
[0;32mI (42) boot: Enabling RNG early entropy source...[0m
[0;32mI (47) boot: Partition Table:[0m
[0;32mI (49) boot: ## Label            Usage          Type ST Offset   Length[0m
[0;32mI (56) boot:  0 nvs              WiFi data        01 02 00009000 00006000[0m
[0;32mI (62) boot:  1 phy_init         RF data          01 01 0000f000 00001000[0m
[0;32mI (69) boot:  2 factory          factory app      00 00 00010000 00100000[0m
[0;32mI (75) boot: End of partition table[0m
[0;32mI (79) esp_image: segment 0: paddr=00010020 vaddr=3f400020 size=13918h ( 80152) map[0m
[0;32mI (113) esp_image: segment 1: paddr=00023940 vaddr=3ffb0000 size=02398h (  9112) load[0m
[0;32mI (117) esp_image: segment 2: paddr=00025ce0 vaddr=40080000 size=0a338h ( 41784) load[0m
[0;32mI (134) esp_image: segment 3: paddr=00030020 vaddr=400d0020 size=23ac4h (146116) map[0m
[0;32mI (184) esp_image: segment 4: paddr=00053aec vaddr=4008a338 size=027e4h ( 10212) load[0m
[0;32mI (188) esp_image: segment 5: paddr=000562d8 vaddr=50000000 size=00020h (    32) load[0m
[0;32mI (195) boot: Loaded app from partition at offset 0x10000[0m
[0;32mI (195) boot: Disabling RNG early entropy source...[0m
[0;32mI (209) cpu_start: Multicore app[0m
[0;32mI (218) cpu_start: GPIO 3 and 1 are used as console UART I/O pins[0m
[0;32mI (218) cpu_start: Pro cpu start user code[0m
[0;32mI (218) cpu_start: cpu freq: 240000000 Hz[0m
[0;32mI (220) app_init: Application information:[0m
[0;32mI (224) app_init: Project name:     micro_speech[0m
[0;32mI (228) app_init: App version:      6f898fa-dirty[0m
[0;32mI (232) app_init: Compile time:     Feb 12 2026 17:57:28[0m
[0;32mI (237) app_init: ELF file SHA256:  e83d4c291...[0m
[0;32mI (242) app_init: ESP-IDF:          v5.5.2[0m
[0;32mI (246) efuse_init: Min chip rev:     v0.0[0m
[0;32mI (249) efuse_init: Max chip rev:     v3.99 [0m
[0;32mI (253) efuse_init: Chip rev:         v3.1[0m
[0;32mI (257) heap_init: Initializing. RAM available for dynamic allocation:[0m
[0;32mI (264) heap_init: At 3FFAE6E0 len 00001920 (6 KiB): DRAM[0m
[0;32mI (269) heap_init: At 3FFB2F88 len 0002D078 (180 KiB): DRAM[0m
[0;32mI (274) heap_init: At 3FFE0440 len 00003AE0 (14 KiB): D/IRAM[0m
[0;32mI (279) heap_init: At 3FFE4350 len 0001BCB0 (111 KiB): D/IRAM[0m
[0;32mI (285) heap_init: At 4008CB1C len 000134E4 (77 KiB): IRAM[0m
[0;33mW (291) spi_flash: Detected boya flash chip but using generic driver. For optimal functionality, enable `SPI_FLASH_SUPPORT_BOYA_CHIP` in menuconfig[0m
[0;32mI (303) spi_flash: detected chip: generic[0m
[0;32mI (307) spi_flash: flash io: dio[0m
[0;33mW (310) spi_flash: Detected size(4096k) larger than the size in the binary image header(2048k). Using the size in the binary image header.[0m
[0;33mW (322) ADC: legacy driver is deprecated, please migrate to `esp_adc/adc_oneshot.h`[0m
[0;33mW (329) i2s(legacy): legacy i2s driver is deprecated, please migrate to use driver/i2s_std.h, driver/i2s_pdm.h or driver/i2s_tdm.h[0m
[0;32mI (341) main_task: Started on CPU0[0m
[0;32mI (351) main_task: Calling app_main()[0m
[0;32mI (351) kws_inmp441: boot heap: free_8bit=295496 largest_8bit_block=163840[0m
[0;32mI (351) kws_inmp441: Frontend buffers allocated (audio=32000B mel=8192B window=4096B bins=264B).[0m
[0;32mI (361) kws_inmp441: Tensor arena candidate in internal RAM: 98304 bytes[0m
Didn't find op for builtin opcode 'MAX_POOL_2D'
Failed to get registration from op code MAX_POOL_2D
 
[0;33mW (371) kws_inmp441: AllocateTensors() failed with arena=98304 bytes[0m
Guru Meditation Error: Core  0 panic'ed (LoadProhibited). Exception was unhandled.

Core  0 register dump:
PC      : 0x400e0dcb  PS      : 0x00060d30  A0      : 0x800d7c61  A1      : 0x3ffb3dd0  
A2      : 0x3ffda28c  A3      : 0x0000000b  A4      : 0x00000000  A5      : 0x00000000  
A6      : 0x00000000  A7      : 0x00000000  A8      : 0x00000002  A9      : 0x3ffd9f3c  
A10     : 0xad71b5fb  A11     : 0x00000040  A12     : 0x0000002b  A13     : 0x00000000  
A14     : 0x00000007  A15     : 0x3ffb3c80  SAR     : 0x00000004  EXCCAUSE: 0x0000001c  
EXCVADDR: 0xad71b5ff  LBEG    : 0x400014fd  LEND    : 0x4000150d  LCOUNT  : 0xfffffffc  


Backtrace: 0x400e0dc8:0x3ffb3dd0 0x400d7c5e:0x3ffb3e00 0x400d75ad:0x3ffb3e20 0x400f349c:0x3ffb42a0




ELF file SHA256: e83d4c291

Rebooting...
ets Jul 29 2019 12:21:46

rst:0xc (SW_CPU_RESET),boot:0x13 (SPI_FAST_FLASH_BOOT)
configsip: 0, SPIWP:0xee
clk_drv:0x00,q_drv:0x00,d_drv:0x00,cs0_drv:0x00,hd_drv:0x00,wp_drv:0x00
mode:DIO, clock div:2
load:0x3fff0030,len:6384
load:0x40078000,len:15916
load:0x40080400,len:3920
entry 0x40080644
[0;32mI (27) boot: ESP-IDF v5.5.2 2nd stage bootloader[0m
[0;32mI (27) boot: compile time Feb 12 2026 17:31:22[0m
[0;32mI (27) boot: Multicore bootloader[0m
[0;32mI (29) boot: chip revision: v3.1[0m
[0;32mI (31) boot.esp32: SPI Speed      : 40MHz[0m
[0;32mI (35) boot.esp32: SPI Mode       : DIO[0m
[0;32mI (39) boot.esp32: SPI Flash Size : 2MB[0m
[0;32mI (42) boot: Enabling RNG early entropy source...[0m
[0;32mI (47) boot: Partition Table:[0m
[0;32mI (49) boot: ## Label            Usage          Type ST Offset   Length[0m
[0;32mI (56) boot:  0 nvs              WiFi data        01 02 00009000 00006000[0m
[0;32mI (62) boot:  1 phy_init         RF data          01 01 0000f000 00001000[0m
[0;32mI (69) boot:  2 factory          factory app      00 00 00010000 00100000[0m
[0;32mI (75) boot: End of partition table[0m
[0;32mI (79) esp_image: segment 0: paddr=00010020 vaddr=3f400020 size=13918h ( 80152) map[0m
[0;32mI (113) esp_image: segment 1: paddr=00023940 vaddr=3ffb0000 size=02398h (  9112) load[0m
[0;32mI (117) esp_image: segment 2: paddr=00025ce0 vaddr=40080000 size=0a338h ( 41784) load[0m
[0;32mI (134) esp_image: segment 3: paddr=00030020 vaddr=400d0020 size=23ac4h (146116) map[0m
[0;32mI (184) esp_image: segment 4: paddr=00053aec vaddr=4008a338 size=027e4h ( 10212) load[0m
[0;32mI (188) esp_image: segment 5: paddr=000562d8 vaddr=50000000 size=00020h (    32) load[0m
[0;32mI (195) boot: Loaded app from partition at offset 0x10000[0m
[0;32mI (195) boot: Disabling RNG early entropy source...[0m
[0;32mI (209) cpu_start: Multicore app[0m
[0;32mI (218) cpu_start: GPIO 3 and 1 are used as console UART I/O pins[0m
[0;32mI (218) cpu_start: Pro cpu start user code[0m
[0;32mI (218) cpu_start: cpu freq: 240000000 Hz[0m
[0;32mI (220) app_init: Application information:[0m
[0;32mI (224) app_init: Project name:     micro_speech[0m
[0;32mI (228) app_init: App version:      6f898fa-dirty[0m
[0;32mI (232) app_init: Compile time:     Feb 12 2026 17:57:28[0m
[0;32mI (237) app_init: ELF file SHA256:  e83d4c291...[0m
[0;32mI (242) app_init: ESP-IDF:          v5.5.2[0m
[0;32mI (246) efuse_init: Min chip rev:     v0.0[0m
[0;32mI (249) efuse_init: Max chip rev:     v3.99 [0m
[0;32mI (253) efuse_init: Chip rev:         v3.1[0m
[0;32mI (257) heap_init: Initializing. RAM available for dynamic allocation:[0m
[0;32mI (264) heap_init: At 3FFAE6E0 len 00001920 (6 KiB): DRAM[0m
[0;32mI (269) heap_init: At 3FFB2F88 len 0002D078 (180 KiB): DRAM[0m
[0;32mI (274) heap_init: At 3FFE0440 len 00003AE0 (14 KiB): D/IRAM[0m
[0;32mI (279) heap_init: At 3FFE4350 len 0001BCB0 (111 KiB): D/IRAM[0m
[0;32mI (285) heap_init: At 4008CB1C len 000134E4 (77 KiB): IRAM[0m
[0;33mW (291) spi_flash: Detected boya flash chip but using generic driver. For optimal functionality, enable `SPI_FLASH_SUPPORT_BOYA_CHIP` in menuconfig[0m
[0;32mI (303) spi_flash: detected chip: generic[0m
[0;32mI (307) spi_flash: flash io: dio[0m
[0;33mW (310) spi_flash: Detected size(4096k) larger than the size in the binary image header(2048k). Using the size in the binary image header.[0m
[0;33mW (322) ADC: legacy driver is deprecated, please migrate to `esp_adc/adc_oneshot.h`[0m
[0;33mW (329) i2s(legacy): legacy i2s driver is deprecated, please migrate to use driver/i2s_std.h, driver/i2s_pdm.h or driver/i2s_tdm.h[0m
[0;32mI (341) main_task: Started on CPU0[0m
[0;32mI (351) main_task: Calling app_main()[0m
[0;32mI (351) kws_inmp441: boot heap: free_8bit=295496 largest_8bit_block=163840[0m
[0;32mI (351) kws_inmp441: Frontend buffers allocated (audio=32000B mel=8192B window=4096B bins=264B).[0m
[0;32mI (361) kws_inmp441: Tensor arena candidate in internal RAM: 98304 bytes[0m
Didn't find op for builtin opcode 'MAX_POOL_2D'
Failed to get registration from op code MAX_POOL_2D
 
[0;33mW (371) kws_inmp441: AllocateTensors() failed with arena=98304 bytes[0m
Guru Meditation Error: Core  0 panic'ed (LoadProhibited). Exception was unhandled.

Core  0 register dump:
PC      : 0x400e0dcb  PS      : 0x00060d30  A0      : 0x800d7c61  A1      : 0x3ffb3dd0  
A2      : 0x3ffda28c  A3      : 0x0000000b  A4      : 0x00000000  A5      : 0x00000000  
A6      : 0x00000000  A7      : 0x00000000  A8      : 0x00000002  A9      : 0x3ffd9f3c  
A10     : 0xad71b5fb  A11     : 0x00000040  A12     : 0x0000002b  A13     : 0x00000000  
A14     : 0x00000007  A15     : 0x3ffb3c80  SAR     : 0x00000004  EXCCAUSE: 0x0000001c  
EXCVADDR: 0xad71b5ff  LBEG    : 0x400014fd  LEND    : 0x4000150d  LCOUNT  : 0xfffffffc  


Backtrace: 0x400e0dc8:0x3ffb3dd0 0x400d7c5e:0x3ffb3e00 0x400d75ad:0x3ffb3e20 0x400f349c:0x3ffb42a0




ELF file SHA256: e83d4c291

Rebooting...
ets Jul 29 2019 12:21:46

rst:0xc (SW_CPU_RESET),boot:0x13 (SPI_FAST_FLASH_BOOT)
configsip: 0, SPIWP:0xee
clk_drv:0x00,q_drv:0x00,d_drv:0x00,cs0_drv:0x00,hd_drv:0x00,wp_drv:0x00
mode:DIO, clock div:2
load:0x3fff0030,len:6384
load:0x40078000,len:15916
load:0x40080400,len:3920
entry 0x40080644
[0;32mI (27) boot: ESP-IDF v5.5.2 2nd stage bootloader[0m
[0;32mI (27) boot: compile time Feb 12 2026 17:31:22[0m
[0;32mI (27) boot: Multicore bootloader[0m
[0;32mI (29) boot: chip revision: v3.1[0m
[0;32mI (31) boot.esp32: SPI Speed      : 40MHz[0m
[0;32mI (35) boot.esp32: SPI Mode       : DIO[0m
[0;32mI (39) boot.esp32: SPI Flash Size : 2MB[0m
[0;32mI (42) boot: Enabling RNG early entropy source...[0m
[0;32mI (47) boot: Partition Table:[0m
[0;32mI (49) boot: ## Label            Usage          Type ST Offset   Length[0m
[0;32mI (56) boot:  0 nvs              WiFi data        01 02 00009000 00006000[0m
[0;32mI (62) boot:  1 phy_init         RF data          01 01 0000f000 00001000[0m
[0;32mI (69) boot:  2 factory          factory app      00 00 00010000 00100000[0m
[0;32mI (75) boot: End of partition table[0m
[0;32mI (79) esp_image: segment 0: paddr=00010020 vaddr=3f400020 size=13918h ( 80152) map[0m
[0;32mI (113) esp_image: segment 1: paddr=00023940 vaddr=3ffb0000 size=02398h (  9112) load[0m
[0;32mI (117) esp_image: segment 2: paddr=00025ce0 vaddr=40080000 size=0a338h ( 41784) load[0m
[0;32mI (134) esp_image: segment 3: paddr=00030020 vaddr=400d0020 size=23ac4h (146116) map[0m
[0;32mI (184) esp_image: segment 4: paddr=00053aec vaddr=4008a338 size=027e4h ( 10212) load[0m
[0;32mI (188) esp_image: segment 5: paddr=000562d8 vaddr=50000000 size=00020h (    32) load[0m
[0;32mI (195) boot: Loaded app from partition at offset 0x10000[0m
[0;32mI (195) boot: Disabling RNG early entropy source...[0m
[0;32mI (209) cpu_start: Multicore app[0m
[0;32mI (218) cpu_start: GPIO 3 and 1 are used as console UART I/O pins[0m
[0;32mI (218) cpu_start: Pro cpu start user code[0m
[0;32mI (218) cpu_start: cpu freq: 240000000 Hz[0m
[0;32mI (220) app_init: Application information:[0m
[0;32mI (224) app_init: Project name:     micro_speech[0m
[0;32mI (228) app_init: App version:      6f898fa-dirty[0m
[0;32mI (232) app_init: Compile time:     Feb 12 2026 17:57:28[0m
[0;32mI (237) app_init: ELF file SHA256:  e83d4c291...[0m
[0;32mI (242) app_init: ESP-IDF:          v5.5.2[0m
[0;32mI (246) efuse_init: Min chip rev:     v0.0[0m
[0;32mI (249) efuse_init: Max chip rev:     v3.99 [0m
[0;32mI (253) efuse_init: Chip rev:         v3.1[0m
[0;32mI (257) heap_init: Initializing. RAM available for dynamic allocation:[0m
[0;32mI (264) heap_init: At 3FFAE6E0 len 00001920 (6 KiB): DRAM[0m
[0;32mI (269) heap_init: At 3FFB2F88 len 0002D078 (180 KiB): DRAM[0m
[0;32mI (274) heap_init: At 3FFE0440 len 00003AE0 (14 KiB): D/IRAM[0m
[0;32mI (279) heap_init: At 3FFE4350 len 0001BCB0 (111 KiB): D/IRAM[0m
[0;32mI (285) heap_init: At 4008CB1C len 000134E4 (77 KiB): IRAM[0m
[0;33mW (291) spi_flash: Detected boya flash chip but using generic driver. For optimal functionality, enable `SPI_FLASH_SUPPORT_BOYA_CHIP` in menuconfig[0m
[0;32mI (303) spi_flash: detected chip: generic[0m
[0;32mI (307) spi_flash: flash io: dio[0m
[0;33mW (310) spi_flash: Detected size(4096k) larger than the size in the binary image header(2048k). Using the size in the binary image header.[0m
[0;33mW (322) ADC: legacy driver is deprecated, please migrate to `esp_adc/adc_oneshot.h`[0m
[0;33mW (329) i2s(legacy): legacy i2s driver is deprecated, please migrate to use driver/i2s_std.h, driver/i2s_pdm.h or driver/i2s_tdm.h[0m
[0;32mI (341) main_task: Started on CPU0[0m
[0;32mI (351) main_task: Calling app_main()[0m
[0;32mI (351) kws_inmp441: boot heap: free_8bit=295496 largest_8bit_block=163840[0m
[0;32mI (351) kws_inmp441: Frontend buffers allocated (audio=32000B mel=8192B window=4096B bins=264B).[0m
[0;32mI (361) kws_inmp441: Tensor arena candidate in internal RAM: 98304 bytes[0m
Didn't find op for builtin opcode 'MAX_POOL_2D'
Failed to get registration from op code MAX_POOL_2D
 
[0;33mW (371) kws_inmp441: AllocateTensors() failed with arena=98304 bytes[0m
Guru Meditation Error: Core  0 panic'ed (LoadProhibited). Exception was unhandled.

Core  0 register dump:
PC      : 0x400e0dcb  PS      : 0x00060d30  A0      : 0x800d7c61  A1      : 0x3ffb3dd0  
A2      : 0x3ffda28c  A3      : 0x0000000b  A4      : 0x00000000  A5      : 0x00000000  
A6      : 0x00000000  A7      : 0x00000000  A8      : 0x00000002  A9      : 0x3ffd9f3c  
A10     : 0xad71b5fb  A11     : 0x00000040  A12     : 0x0000002b  A13     : 0x00000000  
A14     : 0x00000007  A15     : 0x3ffb3c80  SAR     : 0x00000004  EXCCAUSE: 0x0000001c  
EXCVADDR: 0xad71b5ff  LBEG    : 0x400014fd  LEND    : 0x4000150d  LCOUNT  : 0xfffffffc  


Backtrace: 0x400e0dc8:0x3ffb3dd0 0x400d7c5e:0x3ffb3e00 0x400d75ad:0x3ffb3e20 0x400f349c:0x3ffb42a0




ELF file SHA256: e83d4c291

Rebooting...
ets Jul 29 2019 12:21:46

rst:0xc (SW_CPU_RESET),boot:0x13 (SPI_FAST_FLASH_BOOT)
configsip: 0, SPIWP:0xee
clk_drv:0x00,q_drv:0x00,d_drv:0x00,cs0_drv:0x00,hd_drv:0x00,wp_drv:0x00
mode:DIO, clock div:2
load:0x3fff0030,len:6384
load:0x40078000,len:15916
load:0x40080400,len:3920
entry 0x40080644
[0;32mI (27) boot: ESP-IDF v5.5.2 2nd stage bootloader[0m
[0;32mI (27) boot: compile time Feb 12 2026 17:31:22[0m
[0;32mI (27) boot: Multicore bootloader[0m
[0;32mI (29) boot: chip revision: v3.1[0m
[0;32mI (31) boot.esp32: SPI Speed      : 40MHz[0m
[0;32mI (35) boot.esp32: SPI Mode       : DIO[0m
[0;32mI (39) boot.esp32: SPI Flash Size : 2MB[0m
[0;32mI (42) boot: Enabling RNG early entropy source...[0m
[0;32mI (47) boot: Partition Table:[0m
[0;32mI (49) boot: ## Label            Usage          Type ST Offset   Length[0m
[0;32mI (56) boot:  0 nvs              WiFi data        01 02 00009000 00006000[0m
[0;32mI (62) boot:  1 phy_init         RF data          01 01 0000f000 00001000[0m
[0;32mI (69) boot:  2 factory          factory app      00 00 00010000 00100000[0m
[0;32mI (75) boot: End of partition table[0m
[0;32mI (79) esp_image: segment 0: paddr=00010020 vaddr=3f400020 size=13918h ( 80152) map[0m
[0;32mI (113) esp_image: segment 1: paddr=00023940 vaddr=3ffb0000 size=02398h (  9112) load[0m
[0;32mI (117) esp_image: segment 2: paddr=00025ce0 vaddr=40080000 size=0a338h ( 41784) load[0m
[0;32mI (134) esp_image: segment 3: paddr=00030020 vaddr=400d0020 size=23ac4h (146116) map[0m
[0;32mI (184) esp_image: segment 4: paddr=00053aec vaddr=4008a338 size=027e4h ( 10212) load[0m
[0;32mI (188) esp_image: segment 5: paddr=000562d8 vaddr=50000000 size=00020h (    32) load[0m
[0;32mI (195) boot: Loaded app from partition at offset 0x10000[0m
[0;32mI (195) boot: Disabling RNG early entropy source...[0m
[0;32mI (209) cpu_start: Multicore app[0m
[0;32mI (218) cpu_start: GPIO 3 and 1 are used as console UART I/O pins[0m
[0;32mI (218) cpu_start: Pro cpu start user code[0m
[0;32mI (218) cpu_start: cpu freq: 240000000 Hz[0m
[0;32mI (220) app_init: Application information:[0m
[0;32mI (224) app_init: Project name:     micro_speech[0m
[0;32mI (228) app_init: App version:      6f898fa-dirty[0m
[0;32mI (232) app_init: Compile time:     Feb 12 2026 17:57:28[0m
[0;32mI (237) app_init: ELF file SHA256:  e83d4c291...[0m
[0;32mI (242) app_init: ESP-IDF:          v5.5.2[0m
[0;32mI (246) efuse_init: Min chip rev:     v0.0[0m
[0;32mI (249) efuse_init: Max chip rev:     v3.99 [0m
[0;32mI (253) efuse_init: Chip rev:         v3.1[0m
[0;32mI (257) heap_init: Initializing. RAM available for dynamic allocation:[0m
[0;32mI (264) heap_init: At 3FFAE6E0 len 00001920 (6 KiB): DRAM[0m
[0;32mI (269) heap_init: At 3FFB2F88 len 0002D078 (180 KiB): DRAM[0m
[0;32mI (274) heap_init: At 3FFE0440 len 00003AE0 (14 KiB): D/IRAM[0m
[0;32mI (279) heap_init: At 3FFE4350 len 0001BCB0 (111 KiB): D/IRAM[0m
[0;32mI (285) heap_init: At 4008CB1C len 000134E4 (77 KiB): IRAM[0m
[0;33mW (291) spi_flash: Detected boya flash chip but using generic driver. For optimal functionality, enable `SPI_FLASH_SUPPORT_BOYA_CHIP` in menuconfig[0m
[0;32mI (303) spi_flash: detected chip: generic[0m
[0;32mI (307) spi_flash: flash io: dio[0m
[0;33mW (310) spi_flash: Detected size(4096k) larger than the size in the binary image header(2048k). Using the size in the binary image header.[0m
[0;33mW (322) ADC: legacy driver is deprecated, please migrate to `esp_adc/adc_oneshot.h`[0m
[0;33mW (329) i2s(legacy): legacy i2s driver is deprecated, please migrate to use driver/i2s_std.h, driver/i2s_pdm.h or driver/i2s_tdm.h[0m
[0;32mI (341) main_task: Started on CPU0[0m
[0;32mI (351) main_task: Calling app_main()[0m
[0;32mI (351) kws_inmp441: boot heap: free_8bit=295496 largest_8bit_block=163840[0m
[0;32mI (351) kws_inmp441: Frontend buffers allocated (audio=32000B mel=8192B window=4096B bins=264B).[0m
[0;32mI (361) kws_inmp441: Tensor arena candidate in internal RAM: 98304 bytes[0m
Didn't find op for builtin opcode 'MAX_POOL_2D'
Failed to get registration from op code MAX_POOL_2D
 
[0;33mW (371) kws_inmp441: AllocateTensors() failed with arena=98304 bytes[0m
Guru Meditation Error: Core  0 panic'ed (LoadProhibited). Exception was unhandled.

Core  0 register dump:
PC      : 0x400e0dcb  PS      : 0x00060d30  A0      : 0x800d7c61  A1      : 0x3ffb3dd0  
A2      : 0x3ffda28c  A3      : 0x0000000b  A4      : 0x00000000  A5      : 0x00000000  
A6      : 0x00000000  A7      : 0x00000000  A8      : 0x00000002  A9      : 0x3ffd9f3c  
A10     : 0xad71b5fb  A11     : 0x00000040  A12     : 0x0000002b  A13     : 0x00000000  
A14     : 0x00000007  A15     : 0x3ffb3c80  SAR     : 0x00000004  EXCCAUSE: 0x0000001c  
EXCVADDR: 0xad71b5ff  LBEG    : 0x400014fd  LEND    : 0x4000150d  LCOUNT  : 0xfffffffc  


Backtrace: 0x400e0dc8:0x3ffb3dd0 0x400d7c5e:0x3ffb3e00 0x400d75ad:0x3ffb3e20 0x400f349c:0x3ffb42a0




ELF file SHA256: e83d4c291

Rebooting...
ets Jul 29 2019 12:21:46

rst:0xc (SW_CPU_RESET),boot:0x13 (SPI_FAST_FLASH_BOOT)
configsip: 0, SPIWP:0xee
clk_drv:0x00,q_drv:0x00,d_drv:0x00,cs0_drv:0x00,hd_drv:0x00,wp_drv:0x00
mode:DIO, clock div:2
load:0x3fff0030,len:6384
load:0x40078000,len:15916
load:0x40080400,len:3920
entry 0x40080644
[0;32mI (27) boot: ESP-IDF v5.5.2 2nd stage bootloader[0m
[0;32mI (27) boot: compile time Feb 12 2026 17:31:22[0m
[0;32mI (27) boot: Multicore bootloader[0m
[0;32mI (29) boot: chip revision: v3.1[0m
[0;32mI (31) boot.esp32: SPI Speed      : 40MHz[0m
[0;32mI (35) boot.esp32: SPI Mode       : DIO[0m
[0;32mI (39) boot.esp32: SPI Flash Size : 2MB[0m
[0;32mI (42) boot: Enabling RNG early entropy source...[0m
[0;32mI (47) boot: Partition Table:[0m
[0;32mI (49) boot: ## Label            Usage          Type ST Offset   Length[0m
[0;32mI (56) boot:  0 nvs              WiFi data        01 02 00009000 00006000[0m
[0;32mI (62) boot:  1 phy_init         RF data          01 01 0000f000 00001000[0m
[0;32mI (69) boot:  2 factory          factory app      00 00 00010000 00100000[0m
[0;32mI (75) boot: End of partition table[0m
[0;32mI (79) esp_image: segment 0: paddr=00010020 vaddr=3f400020 size=13918h ( 80152) map[0m
[0;32mI (113) esp_image: segment 1: paddr=00023940 vaddr=3ffb0000 size=02398h (  9112) load[0m
[0;32mI (117) esp_image: segment 2: paddr=00025ce0 vaddr=40080000 size=0a338h ( 41784) load[0m
[0;32mI (134) esp_image: segment 3: paddr=00030020 vaddr=400d0020 size=23ac4h (146116) map[0m
[0;32mI (184) esp_image: segment 4: paddr=00053aec vaddr=4008a338 size=027e4h ( 10212) load[0m
[0;32mI (188) esp_image: segment 5: paddr=000562d8 vaddr=50000000 size=00020h (    32) load[0m
[0;32mI (195) boot: Loaded app from partition at offset 0x10000[0m
[0;32mI (195) boot: Disabling RNG early entropy source...[0m
[0;32mI (209) cpu_start: Multicore app[0m
[0;32mI (218) cpu_start: GPIO 3 and 1 are used as console UART I/O pins[0m
[0;32mI (218) cpu_start: Pro cpu start user code[0m
[0;32mI (218) cpu_start: cpu freq: 240000000 Hz[0m
[0;32mI (220) app_init: Application information:[0m
[0;32mI (224) app_init: Project name:     micro_speech[0m
[0;32mI (228) app_init: App version:      6f898fa-dirty[0m
[0;32mI (232) app_init: Compile time:     Feb 12 2026 17:57:28[0m
[0;32mI (237) app_init: ELF file SHA256:  e83d4c291...[0m
[0;32mI (242) app_init: ESP-IDF:          v5.5.2[0m
[0;32mI (246) efuse_init: Min chip rev:     v0.0[0m
[0;32mI (249) efuse_init: Max chip rev:     v3.99 [0m
[0;32mI (253) efuse_init: Chip rev:         v3.1[0m
[0;32mI (257) heap_init: Initializing. RAM available for dynamic allocation:[0m
[0;32mI (264) heap_init: At 3FFAE6E0 len 00001920 (6 KiB): DRAM[0m
[0;32mI (269) heap_init: At 3FFB2F88 len 0002D078 (180 KiB): DRAM[0m
[0;32mI (274) heap_init: At 3FFE0440 len 00003AE0 (14 KiB): D/IRAM[0m
[0;32mI (279) heap_init: At 3FFE4350 len 0001BCB0 (111 KiB): D/IRAM[0m
[0;32mI (285) heap_init: At 4008CB1C len 000134E4 (77 KiB): IRAM[0m
[0;33mW (291) spi_flash: Detected boya flash chip but using generic driver. For optimal functionality, enable `SPI_FLASH_SUPPORT_BOYA_CHIP` in menuconfig[0m
[0;32mI (303) spi_flash: detected chip: generic[0m
[0;32mI (307) spi_flash: flash io: dio[0m
[0;33mW (310) spi_flash: Detected size(4096k) larger than the size in the binary image header(2048k). Using the size in the binary image header.[0m
[0;33mW (322) ADC: legacy driver is deprecated, please migrate to `esp_adc/adc_oneshot.h`[0m
[0;33mW (329) i2s(legacy): legacy i2s driver is deprecated, please migrate to use driver/i2s_std.h, driver/i2s_pdm.h or driver/i2s_tdm.h[0m
[0;32mI (341) main_task: Started on CPU0[0m
[0;32mI (351) main_task: Calling app_main()[0m
[0;32mI (351) kws_inmp441: boot heap: free_8bit=295496 largest_8bit_block=163840[0m
[0;32mI (351) kws_inmp441: Frontend buffers allocated (audio=32000B mel=8192B window=4096B bins=264B).[0m
[0;32mI (361) kws_inmp441: Tensor arena candidate in internal RAM: 98304 bytes[0m
Didn't find op for builtin opcode 'MAX_POOL_2D'
Failed to get registration from op code MAX_POOL_2D
 
[0;33mW (371) kws_inmp441: AllocateTensors() failed with arena=98304 bytes[0m
Guru Meditation Error: Core  0 panic'ed (LoadProhibited). Exception was unhandled.

Core  0 register dump:
PC      : 0x400e0dcb  PS      : 0x00060d30  A0      : 0x800d7c61  A1      : 0x3ffb3dd0  
A2      : 0x3ffda28c  A3      : 0x0000000b  A4      : 0x00000000  A5      : 0x00000000  
A6      : 0x00000000  A7      : 0x00000000  A8      : 0x00000002  A9      : 0x3ffd9f3c  
A10     : 0xad71b5fb  A11     : 0x00000040  A12     : 0x0000002b  A13     : 0x00000000  
A14     : 0x00000007  A15     : 0x3ffb3c80  SAR     : 0x00000004  EXCCAUSE: 0x0000001c  
EXCVADDR: 0xad71b5ff  LBEG    : 0x400014fd  LEND    : 0x4000150d  LCOUNT  : 0xfffffffc  


Backtrace: 0x400e0dc8:0x3ffb3dd0 0x400d7c5e:0x3ffb3e00 0x400d75ad:0x3ffb3e20 0x400f349c:0x3ffb42a0




ELF file SHA256: e83d4c291

Rebooting...
ets Jul 29 2019 12:21:46

rst:0xc (SW_CPU_RESET),boot:0x13 (SPI_FAST_FLASH_BOOT)
configsip: 0, SPIWP:0xee
clk_drv:0x00,q_drv:0x00,d_drv:0x00,cs0_drv:0x00,hd_drv:0x00,wp_drv:0x00
mode:DIO, clock div:2
load:0x3fff0030,len:6384
load:0x40078000,len:15916
load:0x40080400,len:3920
entry 0x40080644
[0;32mI (27) boot: ESP-IDF v5.5.2 2nd stage bootloader[0m
[0;32mI (27) boot: compile time Feb 12 2026 17:31:22[0m
[0;32mI (27) boot: Multicore bootloader[0m
[0;32mI (29) boot: chip revision: v3.1[0m
[0;32mI (31) boot.esp32: SPI Speed      : 40MHz[0m
[0;32mI (35) boot.esp32: SPI Mode       : DIO[0m
[0;32mI (39) boot.esp32: SPI Flash Size : 2MB[0m
[0;32mI (42) boot: Enabling RNG early entropy source...[0m
[0;32mI (47) boot: Partition Table:[0m
[0;32mI (49) boot: ## Label            Usage          Type ST Offset   Length[0m
[0;32mI (56) boot:  0 nvs              WiFi data        01 02 00009000 00006000[0m
[0;32mI (62) boot:  1 phy_init         RF data          01 01 0000f000 00001000[0m
[0;32mI (69) boot:  2 factory          factory app      00 00 00010000 00100000[0m
[0;32mI (75) boot: End of partition table[0m
[0;32mI (79) esp_image: segment 0: paddr=00010020 vaddr=3f400020 size=13918h ( 80152) map[0m
[0;32mI (113) esp_image: segment 1: paddr=00023940 vaddr=3ffb0000 size=02398h (  9112) load[0m
[0;32mI (117) esp_image: segment 2: paddr=00025ce0 vaddr=40080000 size=0a338h ( 41784) load[0m
[0;32mI (134) esp_image: segment 3: paddr=00030020 vaddr=400d0020 size=23ac4h (146116) map[0m
[0;32mI (184) esp_image: segment 4: paddr=00053aec vaddr=4008a338 size=027e4h ( 10212) load[0m
[0;32mI (188) esp_image: segment 5: paddr=000562d8 vaddr=50000000 size=00020h (    32) load[0m
[0;32mI (195) boot: Loaded app from partition at offset 0x10000[0m
[0;32mI (195) boot: Disabling RNG early entropy source...[0m
[0;32mI (209) cpu_start: Multicore app[0m
[0;32mI (218) cpu_start: GPIO 3 and 1 are used as console UART I/O pins[0m
[0;32mI (218) cpu_start: Pro cpu start user code[0m
[0;32mI (218) cpu_start: cpu freq: 240000000 Hz[0m
[0;32mI (220) app_init: Application information:[0m
[0;32mI (224) app_init: Project name:     micro_speech[0m
[0;32mI (228) app_init: App version:      6f898fa-dirty[0m
[0;32mI (232) app_init: Compile time:     Feb 12 2026 17:57:28[0m
[0;32mI (237) app_init: ELF file SHA256:  e83d4c291...[0m
[0;32mI (242) app_init: ESP-IDF:          v5.5.2[0m
[0;32mI (246) efuse_init: Min chip rev:     v0.0[0m
[0;32mI (249) efuse_init: Max chip rev:     v3.99 [0m
[0;32mI (253) efuse_init: Chip rev:         v3.1[0m
[0;32mI (257) heap_init: Initializing. RAM available for dynamic allocation:[0m
[0;32mI (264) heap_init: At 3FFAE6E0 len 00001920 (6 KiB): DRAM[0m
[0;32mI (269) heap_init: At 3FFB2F88 len 0002D078 (180 KiB): DRAM[0m
[0;32mI (274) heap_init: At 3FFE0440 len 00003AE0 (14 KiB): D/IRAM[0m
[0;32mI (279) heap_init: At 3FFE4350 len 0001BCB0 (111 KiB): D/IRAM[0m
[0;32mI (285) heap_init: At 4008CB1C len 000134E4 (77 KiB): IRAM[0m
[0;33mW (291) spi_flash: Detected boya flash chip but using generic driver. For optimal functionality, enable `SPI_FLASH_SUPPORT_BOYA_CHIP` in menuconfig[0m
[0;32mI (303) spi_flash: detected chip: generic[0m
[0;32mI (307) spi_flash: flash io: dio[0m
[0;33mW (310) spi_flash: Detected size(4096k) larger than the size in the binary image header(2048k). Using the size in the binary image header.[0m
[0;33mW (322) ADC: legacy driver is deprecated, please migrate to `esp_adc/adc_oneshot.h`[0m
[0;33mW (329) i2s(legacy): legacy i2s driver is deprecated, please migrate to use driver/i2s_std.h, driver/i2s_pdm.h or driver/i2s_tdm.h[0m
[0;32mI (341) main_task: Started on CPU0[0m
[0;32mI (351) main_task: Calling app_main()[0m
[0;32mI (351) kws_inmp441: boot heap: free_8bit=295496 largest_8bit_block=163840[0m
[0;32mI (351) kws_inmp441: Frontend buffers allocated (audio=32000B mel=8192B window=4096B bins=264B).[0m
[0;32mI (361) kws_inmp441: Tensor arena candidate in internal RAM: 98304 bytes[0m
Didn't find op for builtin opcode 'MAX_POOL_2D'
Failed to get registration from op code MAX_POOL_2D
 
[0;33mW (371) kws_inmp441: AllocateTensors() failed with arena=98304 bytes[0m
Guru Meditation Error: Core  0 panic'ed (LoadProhibited). Exception was unhandled.

Core  0 register dump:
PC      : 0x400e0dcb  PS      : 0x00060d30  A0      : 0x800d7c61  A1      : 0x3ffb3dd0  
A2      : 0x3ffda28c  A3      : 0x0000000b  A4      : 0x00000000  A5      : 0x00000000  
A6      : 0x00000000  A7      : 0x00000000  A8      : 0x00000002  A9      : 0x3ffd9f3c  
A10     : 0xad71b5fb  A11     : 0x00000040  A12     : 0x0000002b  A13     : 0x00000000  
A14     : 0x00000007  A15     : 0x3ffb3c80  SAR     : 0x00000004  EXCCAUSE: 0x0000001c  
EXCVADDR: 0xad71b5ff  LBEG    : 0x400014fd  LEND    : 0x4000150d  LCOUNT  : 0xfffffffc  


Backtrace: 0x400e0dc8:0x3ffb3dd0 0x400d7c5e:0x3ffb3e00 0x400d75ad:0x3ffb3e20 0x400f349c:0x3ffb42a0




ELF file SHA256: e83d4c291

Rebooting...
ets Jul 29 2019 12:21:46

rst:0xc (SW_CPU_RESET),boot:0x13 (SPI_FAST_FLASH_BOOT)
configsip: 0, SPIWP:0xee
clk_drv:0x00,q_drv:0x00,d_drv:0x00,cs0_drv:0x00,hd_drv:0x00,wp_drv:0x00
mode:DIO, clock div:2
load:0x3fff0030,len:6384
load:0x40078000,len:15916
load:0x40080400,len:3920
entry 0x40080644
[0;32mI (27) boot: ESP-IDF v5.5.2 2nd stage bootloader[0m
[0;32mI (27) boot: compile time Feb 12 2026 17:31:22[0m
[0;32mI (27) boot: Multicore bootloader[0m
[0;32mI (29) boot: chip revision: v3.1[0m
[0;32mI (31) boot.esp32: SPI Speed      : 40MHz[0m
[0;32mI (35) boot.esp32: SPI Mode       : DIO[0m
[0;32mI (39) boot.esp32: SPI Flash Size : 2MB[0m
[0;32mI (42) boot: Enabling RNG early entropy source...[0m
[0;32mI (47) boot: Partition Table:[0m
[0;32mI (49) boot: ## Label            Usage          Type ST Offset   Length[0m
[0;32mI (56) boot:  0 nvs              WiFi data        01 02 00009000 00006000[0m
[0;32mI (62) boot:  1 phy_init         RF data          01 01 0000f000 00001000[0m
[0;32mI (69) boot:  2 factory          factory app      00 00 00010000 00100000[0m
[0;32mI (75) boot: End of partition table[0m
[0;32mI (79) esp_image: segment 0: paddr=00010020 vaddr=3f400020 size=13918h ( 80152) map[0m
[0;32mI (113) esp_image: segment 1: paddr=00023940 vaddr=3ffb0000 size=02398h (  9112) load[0m
[0;32mI (117) esp_image: segment 2: paddr=00025ce0 vaddr=40080000 size=0a338h ( 41784) load[0m
[0;32mI (134) esp_image: segment 3: paddr=00030020 vaddr=400d0020 size=23ac4h (146116) map[0m
[0;32mI (184) esp_image: segment 4: paddr=00053aec vaddr=4008a338 size=027e4h ( 10212) load[0m
[0;32mI (188) esp_image: segment 5: paddr=000562d8 vaddr=50000000 size=00020h (    32) load[0m
[0;32mI (195) boot: Loaded app from partition at offset 0x10000[0m
[0;32mI (195) boot: Disabling RNG early entropy source...[0m
[0;32mI (209) cpu_start: Multicore app[0m
[0;32mI (218) cpu_start: GPIO 3 and 1 are used as console UART I/O pins[0m
[0;32mI (218) cpu_start: Pro cpu start user code[0m
[0;32mI (218) cpu_start: cpu freq: 240000000 Hz[0m
[0;32mI (220) app_init: Application information:[0m
[0;32mI (224) app_init: Project name:     micro_speech[0m
[0;32mI (228) app_init: App version:      6f898fa-dirty[0m
[0;32mI (232) app_init: Compile time:     Feb 12 2026 17:57:28[0m
[0;32mI (237) app_init: ELF file SHA256:  e83d4c291...[0m
[0;32mI (242) app_init: ESP-IDF:          v5.5.2[0m
[0;32mI (246) efuse_init: Min chip rev:     v0.0[0m
[0;32mI (249) efuse_init: Max chip rev:     v3.99 [0m
[0;32mI (253) efuse_init: Chip rev:         v3.1[0m
[0;32mI (257) heap_init: Initializing. RAM available for dynamic allocation:[0m
[0;32mI (264) heap_init: At 3FFAE6E0 len 00001920 (6 KiB): DRAM[0m
[0;32mI (269) heap_init: At 3FFB2F88 len 0002D078 (180 KiB): DRAM[0m
[0;32mI (274) heap_init: At 3FFE0440 len 00003AE0 (14 KiB): D/IRAM[0m
[0;32mI (279) heap_init: At 3FFE4350 len 0001BCB0 (111 KiB): D/IRAM[0m
[0;32mI (285) heap_init: At 4008CB1C len 000134E4 (77 KiB): IRAM[0m
[0;33mW (291) spi_flash: Detected boya flash chip but using generic driver. For optimal functionality, enable `SPI_FLASH_SUPPORT_BOYA_CHIP` in menuconfig[0m
[0;32mI (303) spi_flash: detected chip: generic[0m
[0;32mI (307) spi_flash: flash io: dio[0m
[0;33mW (310) spi_flash: Detected size(4096k) larger than the size in the binary image header(2048k). Using the size in the binary image header.[0m
[0;33mW (322) ADC: legacy driver is deprecated, please migrate to `esp_adc/adc_oneshot.h`[0m
[0;33mW (329) i2s(legacy): legacy i2s driver is deprecated, please migrate to use driver/i2s_std.h, driver/i2s_pdm.h or driver/i2s_tdm.h[0m
[0;32mI (341) main_task: Started on CPU0[0m
[0;32mI (351) main_task: Calling app_main()[0m
[0;32mI (351) kws_inmp441: boot heap: free_8bit=295496 largest_8bit_block=163840[0m
[0;32mI (351) kws_inmp441: Frontend buffers allocated (audio=32000B mel=8192B window=4096B bins=264B).[0m
[0;32mI (361) kws_inmp441: Tensor arena candidate in internal RAM: 98304 bytes[0m
Didn't find op for builtin opcode 'MAX_POOL_2D'
Failed to get registration from op code MAX_POOL_2D
 
[0;33mW (371) kws_inmp441: AllocateTensors() failed with arena=98304 bytes[0m
Guru Meditation Error: Core  0 panic'ed (LoadProhibited). Exception was unhandled.

Core  0 register dump:
PC      : 0x400e0dcb  PS      : 0x00060d30  A0      : 0x800d7c61  A1      : 0x3ffb3dd0  
A2      : 0x3ffda28c  A3      : 0x0000000b  A4      : 0x00000000  A5      : 0x00000000  
A6      : 0x00000000  A7      : 0x00000000  A8      : 0x00000002  A9      : 0x3ffd9f3c  
A10     : 0xad71b5fb  A11     : 0x00000040  A12     : 0x0000002b  A13     : 0x00000000  
A14     : 0x00000007  A15     : 0x3ffb3c80  SAR     : 0x00000004  EXCCAUSE: 0x0000001c  
EXCVADDR: 0xad71b5ff  LBEG    : 0x400014fd  LEND    : 0x4000150d  LCOUNT  : 0xfffffffc  


Backtrace: 0x400e0dc8:0x3ffb3dd0 0x400d7c5e:0x3ffb3e00 0x400d75ad:0x3ffb3e20 0x400f349c:0x3ffb42a0




ELF file SHA256: e83d4c291

Rebooting...
ets Jul 29 2019 12:21:46

rst:0xc (SW_CPU_RESET),boot:0x13 (SPI_FAST_FLASH_BOOT)
configsip: 0, SPIWP:0xee
clk_drv:0x00,q_drv:0x00,d_drv:0x00,cs0_drv:0x00,hd_drv:0x00,wp_drv:0x00
mode:DIO, clock div:2
load:0x3fff0030,len:6384
load:0x40078000,len:15916
load:0x40080400,len:3920
entry 0x40080644
I (27) boot: ESP-IDF v5.5.2 2nd stage bootloader
[0;32mI (27) boot: compile time Feb 12 2026 17:31:22[0m
[0;32mI (27) boot: Multicore bootloader[0m
[0;32mI (29) boot: chip revision: v3.1[0m
[0;32mI (31) boot.esp32: SPI Speed      : 40MHz[0m
[0;32mI (35) boot.esp32: SPI Mode       : DIO[0m
[0;32mI (39) boot.esp32: SPI Flash Size : 2MB[0m
[0;32mI (42) boot: Enabling RNG early entropy source...[0m
[0;32mI (47) boot: Partition Table:[0m
[0;32mI (49) boot: ## Label            Usage          Type ST Offset   Length[0m
[0;32mI (56) boot:  0 nvs              WiFi data        01 02 00009000 00006000[0m
[0;32mI (62) boot:  1 phy_init         RF data          01 01 0000f000 00001000[0m
[0;32mI (69) boot:  2 factory          factory app      00 00 00010000 00100000[0m
[0;32mI (75) boot: End of partition table[0m
[0;32mI (79) esp_image: segment 0: paddr=00010020 vaddr=3f400020 size=13918h ( 80152) map[0m
[0;32mI (113) esp_image: segment 1: paddr=00023940 vaddr=3ffb0000 size=02398h (  9112) load[0m
[0;32mI (117) esp_image: segment 2: paddr=00025ce0 vaddr=40080000 size=0a338h ( 41784) load[0m
[0;32mI (134) esp_image: segment 3: paddr=00030020 vaddr=400d0020 size=23ac4h (146116) map[0m
